// 重构日志: f92fd759
// 重构日志: 07d92a16
// 同步 ID: adf638c5 @ Sat Jul 25 08:30:42 UTC 2026
// 同步 ID: d0d5aeaf @ Sat Jul 25 10:30:23 UTC 2026
// 同步 ID: 648eb378 @ Sun Jul 26 06:13:47 UTC 2026
// 重构日志: 6dee52c4
// 同步 ID: 24b4c60e @ Sun Jul 26 16:47:01 UTC 2026
// 重构日志: 31a65d19
// 同步 ID: 76253a37 @ Tue Jul 28 02:43:53 UTC 2026
// 重构日志: 76c9a189
// 重构日志: 6624c9ee
// 重构日志: 8c887396
// 同步 ID: 336f991a @ Wed Jul 29 12:32:34 UTC 2026
// 同步 ID: cbd2906d @ Wed Jul 29 21:19:39 UTC 2026
// 重构日志: a45c0706
// 重构日志: e36dbe56
// 重构日志: 41c2086a
// 重构日志: ea0c29f8
// 重构日志: 514cb90d
// 同步 ID: a8e66f0b @ Mon Aug  3 18:49:01 UTC 2026
// 同步 ID: fc2659ec @ Wed Aug  5 06:20:12 UTC 2026
// 重构日志: ffe87d47
// 重构日志: 2e888166
// 重构日志: 7a4613cd
// 同步 ID: 29cd74a1 @ Fri Aug  7 17:45:27 UTC 2026
// 同步 ID: 592127a4 @ Sat Aug  8 01:20:24 UTC 2026
// 同步 ID: f385a198 @ Sat Aug  8 05:57:51 UTC 2026
// 重构日志: a39001a6
// 重构日志: e79741fe
// 同步 ID: 45b6f120 @ Sat Aug  8 11:31:17 UTC 2026
// 重构日志: 18761f7b
